2026-04-16 16:48:26,133 INFO arbitrage: Старт: strategy=scalping data=ws биржи=('bybit',) пары=('BTC/USDT', 'ETH/USDT', 'BNB/USDT') комиссия=10.0 bps poll=5.0s paper=True
2026-04-16 16:48:26,133 INFO arbitrage: Paper: PnL лимиток — комиссия стороны 6.00 bps (PAPER_FEE_BPS_PER_SIDE); ARBITRAGE_FEE_BPS_PER_SIDE=10.00 — для live/арбитража
2026-04-16 16:48:26,133 INFO arbitrage: Риск: notional/ордер≤10.00 открытых≤2 суммарно≤100.00 | strict_risk_limits=False | auto_trade=True notional=8.00 cooldown=5.0s arb=False edge≥5.0 bps
2026-04-16 16:48:26,133 INFO arbitrage: AUTO_TRADE: кулдаун по символу (одна сделка на пару; mutex между WS-биржами)
2026-04-16 16:48:26,133 INFO arbitrage: AUTO_TRADE: потолок одновременных заявок=2 (AUTO_TRADE_MAX_OPEN_ORDERS; итог в «открытых≤» выше)
2026-04-16 16:48:26,133 INFO arbitrage: AUTO_TRADE: reduce-only (по бирже+паре)
2026-04-16 16:48:26,133 INFO arbitrage: Скальпинг: заявки только если |импульс сигнала|≥2.0 bps (см. SCALPING_AUTO_TRADE_MIN_IMPULSE_BPS; 0=выкл.)
2026-04-16 16:48:26,133 INFO arbitrage: Vol-scale номинала: σ_eff≤12.0 bps — полный AUTO_TRADE_NOTIONAL, σ_eff≥45.0 bps — ×0.25; окно σ=15 тиков; калибровка rest=1.00 ws=1.00
2026-04-16 16:48:26,133 INFO arbitrage: ATR×auto_trade: max_spread_mult=0.35 notional_ref_bps=30.0 floor_mult=0.50 (нужен TA-движок)
2026-04-16 16:48:26,134 INFO arbitrage: Скальпинг TA (ta_trend): OHLCV 5m×120, REST каждые 45s (TA_OHLCV_*); ta_regime: ADX≥27.0→тренд, узкие BB≤65 bps→консерв.; RSI/ATR Wilder; дедуп на свечу=True; TA_TREND_MIN_DI_DIFF=2.0; ta_trend фильтры: LONG RSI≤72, LONG над SMA≤40 bps
2026-04-16 16:48:26,134 INFO arbitrage: WebSocket: глубина стакана ORDERBOOK_LIMIT=50
2026-04-16 16:48:26,134 INFO arbitrage: WS: пульс каждые 30 с — обновления стакана, mid/spread, диапазон mid за интервал; 0=выкл.
2026-04-16 16:48:30,677 INFO scalping_ta: TA OHLCV: 120 свечей bybit BNB/USDT tf=5m (индикаторы обновляются по REST)
2026-04-16 16:48:30,777 INFO scalping_ta: TA OHLCV: 120 свечей bybit BTC/USDT tf=5m (индикаторы обновляются по REST)
2026-04-16 16:48:30,778 INFO arbitrage: BTC/USDT bybit | TA trend: SHORT ADX=31.6 mdi=28.6>pdi=20.4 mid<SMA ATR≈17.1bps
2026-04-16 16:48:30,778 INFO execution: PAPER limit sell BTC/USDT bybit req=0.00010748368599178557 price=74429.9 filled=0.00010748368599178557 remaining=0.0 avg=74429.9 id=paper-94ce75a99452 status=closed
2026-04-16 16:48:30,779 INFO execution: paper PnL: sell — реализ. прирост ≈ 0 (открыт/добавлен short; PnL при buy покрытия); сессия ≈ 0.0000 USDT
2026-04-16 16:48:30,779 INFO arbitrage: auto_trade scalp: sell BTC/USDT bybit req_notional≈8.00 filled=0.00010748368599178557 remaining=0.0 status=closed
2026-04-16 16:48:30,859 INFO scalping_ta: TA OHLCV: 120 свечей bybit ETH/USDT tf=5m (индикаторы обновляются по REST)
2026-04-16 16:48:56,140 INFO arbitrage: WS: тиков=2393 | bybit BNB/USDT mid≈621.65 spread 1.609bps (0.10 USDT) за≈30s: диапазон mid≈3.2bps | bybit BTC/USDT mid≈74475.45 spread 0.013bps (0.10 USDT) за≈30s: диапазон mid≈6.1bps | bybit ETH/USDT mid≈2333.34 spread 0.043bps (0.01 USDT) за≈30s: диапазон mid≈8.9bps | paper: реализ.≈0.0000 USDT, комисс.≈0.0048, ордеров buy/sell закрыто 0/1 | TA[ta_trend]: signals≈1/30s | OHLCV 5m по REST ≤45s
2026-04-16 16:49:26,141 INFO arbitrage: WS: тиков=5072 | bybit BNB/USDT mid≈621.25 spread 1.610bps (0.10 USDT) за≈30s: диапазон mid≈6.4bps | bybit BTC/USDT mid≈74433.85 spread 0.013bps (0.10 USDT) за≈30s: диапазон mid≈5.6bps | bybit ETH/USDT mid≈2331.95 spread 0.043bps (0.01 USDT) за≈30s: диапазон mid≈6.4bps | paper: реализ.≈0.0000 USDT, комисс.≈0.0048, ордеров buy/sell закрыто 0/1 | TA[ta_trend]: signals≈0/30s | OHLCV 5m по REST ≤45s
2026-04-16 16:49:56,145 INFO arbitrage: WS: тиков=7881 | bybit BNB/USDT mid≈621.55 spread 1.609bps (0.10 USDT) за≈30s: диапазон mid≈4.8bps | bybit BTC/USDT mid≈74481.85 spread 0.013bps (0.10 USDT) за≈30s: диапазон mid≈8.6bps | bybit ETH/USDT mid≈2334.39 spread 0.043bps (0.01 USDT) за≈30s: диапазон mid≈11.3bps | paper: реализ.≈0.0000 USDT, комисс.≈0.0048, ордеров buy/sell закрыто 0/1 | TA[ta_trend]: signals≈0/30s | OHLCV 5m по REST ≤45s
2026-04-16 16:50:26,152 INFO arbitrage: WS: тиков=10609 | bybit BNB/USDT mid≈621.05 spread 1.610bps (0.10 USDT) за≈30s: диапазон mid≈8.1bps | bybit BTC/USDT mid≈74387.05 spread 0.013bps (0.10 USDT) за≈30s: диапазон mid≈13.4bps | bybit ETH/USDT mid≈2331.38 spread 0.043bps (0.01 USDT) за≈30s: диапазон mid≈14.6bps | paper: реализ.≈0.0000 USDT, комисс.≈0.0048, ордеров buy/sell закрыто 0/1 | TA[ta_trend]: signals≈0/30s | OHLCV 5m по REST ≤45s
2026-04-16 16:50:44,511 INFO arbitrage: BTC/USDT bybit | TA trend: SHORT ADX=30.9 mdi=29.5>pdi=19.0 mid<SMA ATR≈17.1bps
2026-04-16 16:50:44,512 INFO arbitrage: auto_trade: reduce-only[exchange_symbol/leg] BTC/USDT bybit: pos≈-0.00010748 base → пропуск sell (нужно buy)
2026-04-16 16:50:49,470 INFO arbitrage: auto_trade: exit BTC/USDT bybit short pos≈-0.00010748 entry≈74385.242 mid≈74336.95 pnl≈6.5bps → buy @ 74337 (TP net 0.5≥0.2 bps (raw≈6.5 fee≈6.0))
2026-04-16 16:50:49,470 INFO execution: PAPER limit buy BTC/USDT bybit req=0.00010748368599178557 price=74337.0 filled=0.00010748368599178557 remaining=0.0 avg=74337.0 id=paper-f98c2d2ef333 status=closed
2026-04-16 16:50:56,153 INFO arbitrage: WS: тиков=13661 | bybit BNB/USDT mid≈620.55 spread 1.611bps (0.10 USDT) за≈30s: диапазон mid≈8.1bps | bybit BTC/USDT mid≈74326.75 spread 0.013bps (0.10 USDT) за≈30s: диапазон mid≈10.1bps | bybit ETH/USDT mid≈2330.01 spread 0.043bps (0.01 USDT) за≈30s: диапазон mid≈9.3bps | paper: реализ.≈0.0004 USDT, комисс.≈0.0096, ордеров buy/sell закрыто 1/1 | TA[ta_trend]: signals≈1/30s | OHLCV 5m по REST ≤45s
2026-04-16 16:51:26,155 INFO arbitrage: WS: тиков=16786 | bybit BNB/USDT mid≈620.65 spread 1.611bps (0.10 USDT) за≈30s: диапазон mid≈4.8bps | bybit BTC/USDT mid≈74316.75 spread 0.013bps (0.10 USDT) за≈30s: диапазон mid≈8.1bps | bybit ETH/USDT mid≈2330.06 spread 0.043bps (0.01 USDT) за≈30s: диапазон mid≈8.3bps | paper: реализ.≈0.0004 USDT, комисс.≈0.0096, ордеров buy/sell закрыто 1/1 | TA[ta_trend]: signals≈0/30s | OHLCV 5m по REST ≤45s
2026-04-16 16:51:56,168 INFO arbitrage: WS: тиков=19707 | bybit BNB/USDT mid≈620.55 spread 1.611bps (0.10 USDT) за≈30s: диапазон mid≈3.2bps | bybit BTC/USDT mid≈74281.35 spread 0.013bps (0.10 USDT) за≈30s: диапазон mid≈6.3bps | bybit ETH/USDT mid≈2329.26 spread 0.043bps (0.01 USDT) за≈30s: диапазон mid≈5.4bps | paper: реализ.≈0.0004 USDT, комисс.≈0.0096, ордеров buy/sell закрыто 1/1 | TA[ta_trend]: signals≈0/30s | OHLCV 5m по REST ≤45s
2026-04-16 16:52:26,172 INFO arbitrage: WS: тиков=23285 | bybit BNB/USDT mid≈619.55 spread 1.614bps (0.10 USDT) за≈30s: диапазон mid≈28.2bps | bybit BTC/USDT mid≈74078.25 spread 0.013bps (0.10 USDT) за≈30s: диапазон mid≈42.1bps | bybit ETH/USDT mid≈2323.27 spread 0.043bps (0.01 USDT) за≈30s: диапазон mid≈39.6bps | paper: реализ.≈0.0004 USDT, комисс.≈0.0096, ордеров buy/sell закрыто 1/1 | TA[ta_trend]: signals≈0/30s | OHLCV 5m по REST ≤45s
2026-04-16 16:52:56,173 INFO arbitrage: WS: тиков=26980 | bybit BNB/USDT mid≈618.65 spread 1.616bps (0.10 USDT) за≈30s: диапазон mid≈16.2bps | bybit BTC/USDT mid≈73892.65 spread 0.014bps (0.10 USDT) за≈30s: диапазон mid≈25.1bps | bybit ETH/USDT mid≈2318.01 spread 0.043bps (0.01 USDT) за≈30s: диапазон mid≈22.7bps | paper: реализ.≈0.0004 USDT, комисс.≈0.0096, ордеров buy/sell закрыто 1/1 | TA[ta_trend]: signals≈0/30s | OHLCV 5m по REST ≤45s
2026-04-16 16:53:26,175 INFO arbitrage: WS: тиков=30662 | bybit BNB/USDT mid≈617.95 spread 1.618bps (0.10 USDT) за≈30s: диапазон mid≈17.8bps | bybit BTC/USDT mid≈73864.65 spread 0.014bps (0.10 USDT) за≈30s: диапазон mid≈10.0bps | bybit ETH/USDT mid≈2316.66 spread 0.043bps (0.01 USDT) за≈30s: диапазон mid≈16.6bps | paper: реализ.≈0.0004 USDT, комисс.≈0.0096, ордеров buy/sell закрыто 1/1 | TA[ta_trend]: signals≈0/30s | OHLCV 5m по REST ≤45s
2026-04-16 16:53:56,183 INFO arbitrage: WS: тиков=34282 | bybit BNB/USDT mid≈617.35 spread 1.620bps (0.10 USDT) за≈30s: диапазон mid≈16.2bps | bybit BTC/USDT mid≈73711.65 spread 0.014bps (0.10 USDT) за≈30s: диапазон mid≈28.7bps | bybit ETH/USDT mid≈2311.03 spread 0.043bps (0.01 USDT) за≈30s: диапазон mid≈34.0bps | paper: реализ.≈0.0004 USDT, комисс.≈0.0096, ордеров buy/sell закрыто 1/1 | TA[ta_trend]: signals≈0/30s | OHLCV 5m по REST ≤45s
2026-04-16 16:54:26,188 INFO arbitrage: WS: тиков=38034 | bybit BNB/USDT mid≈617.35 spread 1.620bps (0.10 USDT) за≈30s: диапазон mid≈15.4bps | bybit BTC/USDT mid≈73606.95 spread 0.014bps (0.10 USDT) за≈30s: диапазон mid≈17.8bps | bybit ETH/USDT mid≈2308.15 spread 0.043bps (0.01 USDT) за≈30s: диапазон mid≈20.0bps | paper: реализ.≈0.0004 USDT, комисс.≈0.0096, ордеров buy/sell закрыто 1/1 | TA[ta_trend]: signals≈0/30s | OHLCV 5m по REST ≤45s
2026-04-16 16:54:56,193 INFO arbitrage: WS: тиков=41618 | bybit BNB/USDT mid≈615.95 spread 1.624bps (0.10 USDT) за≈30s: диапазон mid≈27.6bps | bybit BTC/USDT mid≈73411.95 spread 0.640bps (4.70 USDT) за≈30s: диапазон mid≈31.5bps | bybit ETH/USDT mid≈2299.47 spread 0.043bps (0.01 USDT) за≈30s: диапазон mid≈50.9bps | paper: реализ.≈0.0004 USDT, комисс.≈0.0096, ордеров buy/sell закрыто 1/1 | TA[ta_trend]: signals≈0/30s | OHLCV 5m по REST ≤45s
2026-04-16 16:55:14,578 INFO arbitrage: BTC/USDT bybit | TA trend: SHORT ADX=36.1 mdi=54.6>pdi=11.5 mid<SMA ATR≈26.5bps
2026-04-16 16:55:14,579 INFO execution: PAPER limit sell BTC/USDT bybit req=0.00010913456291607552 price=73304.0 filled=0.00010913456291607552 remaining=0.0 avg=73330.7 id=paper-e0c403558d1e status=closed
2026-04-16 16:55:14,579 INFO execution: paper PnL: sell — реализ. прирост ≈ 0 (открыт/добавлен short; PnL при buy покрытия); сессия ≈ 0.0004 USDT
2026-04-16 16:55:14,580 INFO arbitrage: auto_trade scalp: sell BTC/USDT bybit req_notional≈8.00 filled=0.00010913456291607552 remaining=0.0 status=closed
2026-04-16 16:55:14,694 INFO arbitrage: ETH/USDT bybit | TA trend: SHORT ADX=31.1 mdi=49.7>pdi=11.1 mid<SMA ATR≈32.6bps
2026-04-16 16:55:14,694 INFO arbitrage: auto_trade: ATR к номиналу: ATR≈32.6 bps, ref=30.0 → ×0.92
2026-04-16 16:55:14,695 INFO execution: PAPER limit sell ETH/USDT bybit req=0.0032130811740961494 price=2293.66 filled=0.0032130811740961494 remaining=0.0 avg=2294.92 id=paper-c109c129daee status=closed
2026-04-16 16:55:14,695 INFO execution: paper PnL: sell — реализ. прирост ≈ 0 (открыт/добавлен short; PnL при buy покрытия); сессия ≈ 0.0004 USDT
2026-04-16 16:55:14,695 INFO arbitrage: auto_trade scalp: sell ETH/USDT bybit req_notional≈7.37 filled=0.0032130811740961494 remaining=0.0 status=closed
2026-04-16 16:55:16,291 INFO arbitrage: BNB/USDT bybit | TA trend: SHORT ADX=30.6 mdi=52.8>pdi=12.6 mid<SMA ATR≈17.6bps
2026-04-16 16:55:16,291 INFO execution: PAPER limit sell BNB/USDT bybit req=0.013001787745815051 price=615.3 filled=0.013001787745815051 remaining=0.0 avg=615.3 id=paper-60cd8101c959 status=closed
2026-04-16 16:55:16,291 INFO execution: paper PnL: sell — реализ. прирост ≈ 0 (открыт/добавлен short; PnL при buy покрытия); сессия ≈ 0.0004 USDT
2026-04-16 16:55:16,292 INFO arbitrage: auto_trade scalp: sell BNB/USDT bybit req_notional≈8.00 filled=0.013001787745815051 remaining=0.0 status=closed
2026-04-16 16:55:26,896 INFO arbitrage: Paper-сессия: реализованный PnL ≈ 0.0004 USDT, комиссии (оценка) ≈ 0.0236 USDT, закрыто ордеров buy/sell: 1/4 | незакрытый инвентарь: BTC/USDT@bybit short≈0.000109 base; ETH/USDT@bybit short≈0.003213 base; BNB/USDT@bybit short≈0.013002 base
2026-04-16 16:55:26,896 INFO arbitrage: Paper-отчёт:
paper-отчёт: закрыто ордеров=5 (buy=1 sell=4) | реализ.Δ=+0.0004 USDT | комиссииΔ=+0.0236 | net≈-0.0232 | avg hold≈0.0s
paper-отчёт: realized events=1 (+1/-0, zero=4)
paper-отчёт: по инструментам (turnover↓):
  - bybit BTC/USDT: closed=3 (b=1 s=2) net≈-0.0140 USDT (≈-5.8 bps on turnover), fees≈0.0144, avg hold≈0.0s
  - bybit BNB/USDT: closed=1 (b=0 s=1) net≈-0.0048 USDT (≈-6.0 bps on turnover), fees≈0.0048, avg hold≈0.0s
  - bybit ETH/USDT: closed=1 (b=0 s=1) net≈-0.0044 USDT (≈-6.0 bps on turnover), fees≈0.0044, avg hold≈0.0s
2026-04-16 16:55:26,896 INFO arbitrage: AutoTrade-отчёт:
auto_trade-отчёт: skip/block events=1
auto_trade-отчёт: топ причин (count↓):
  - reduce_only: 1
auto_trade-отчёт: топ инструментов по числу событий (count↓):
  - bybit BTC/USDT: 1 (reduce_only=1)
2026-04-16 16:55:26,897 INFO arbitrage: Unrealized-отчёт:
unrealized-отчёт: позиций=3 | unreal raw≈-0.0241 USDT | exit fees≈0.0140 | unreal net≈-0.0382
unrealized-отчёт: по позициям (net↑ хуже→лучше):
  - bybit BTC/USDT short pos≈-0.00010913456 entry≈73286.702 mid≈73425.05 unreal≈-0.0151 USDT (net≈-0.0199, ≈-24.8 bps net)
  - bybit BNB/USDT short pos≈-0.013001788 entry≈614.93082 mid≈615.45 unreal≈-0.0068 USDT (net≈-0.0116, ≈-14.4 bps net)
  - bybit ETH/USDT short pos≈-0.0032130812 entry≈2293.543 mid≈2294.25 unreal≈-0.0023 USDT (net≈-0.0067, ≈-9.1 bps net)
2026-04-16 16:55:26,897 INFO arbitrage: ========== PAPER: итог сессии ==========
Реализованный PnL (все закрытые сделки с начала запуска) ≈ +0.0004 USDT
Комиссии (оценка, все стороны) ≈ 0.0236 USDT
Закрыто ордеров buy / sell: 1 / 4
Незакрытый инвентарь (оценка нереализ. — в Unrealized-отчёте выше): BTC/USDT@bybit short≈0.000109 base; ETH/USDT@bybit short≈0.003213 base; BNB/USDT@bybit short≈0.013002 base
Справка: «реализованный» — только по исполненным закрытиям; открытые позиции в итог не входят.
2026-04-16 16:55:26,897 INFO arbitrage: Остановка по таймауту RUN_SECONDS=420.0
